cat: 0652-050 Cannot open /home/dw/DWLIVE/passwords/stellabatch.txt.

2003/05/06---10:24:05 : Parameters passed: .

2003/05/06---10:24:05 --------------------------------------------------------------------------
2003/05/06---10:24:05 >>>>>> Stella MIR Load load_mir.ksh
2003/05/06---10:24:05 --------------------------------------------------------------------------
2003/05/06---10:24:05 Setting variables
2003/05/06---10:24:05 Checking input params
start at step  00
2003/05/06---10:24:05 FTPing files from source server
2003/05/06---10:24:05 Step 10

not written yet
2003/05/06---10:24:05 Copying files to main run area from each pseudo area
2003/05/06---10:24:05 Step 20

y8i
chmod: /data/stella/miry8i/AAEFRGAL.MIR: Operation not permitted.
chmod: /data/stella/miry8i/AAEFSGAL.MIR: Operation not permitted.
chmod: /data/stella/miry8i/AAEFTGAL.MIR: Operation not permitted.
chmod: /data/stella/miry8i/AAEFUGAL.MIR: Operation not permitted.
chmod: /data/stella/miry8i/AAEFVGAL.MIR: Operation not permitted.
chmod: /data/stella/miry8i/AAEFWGAL.MIR: Operation not permitted.
chmod: /data/stella/miry8i/AAEFXGAL.MIR: Operation not permitted.
chmod: /data/stella/miry8i/AAEFYGAL.MIR: Operation not permitted.
chmod: /data/stella/miry8i/AAEFZGAL.MIR: Operation not permitted.
chmod: /data/stella/miry8i/AAEGAGAL.MIR: Operation not permitted.
chmod: /data/stella/miry8i/AAEGBGAL.MIR: Operation not permitted.
chmod: /data/stella/miry8i/AAEGCGAL.MIR: Operation not permitted.
chmod: /data/stella/miry8i/AAEGDGAL.MIR: Operation not permitted.
chmod: /data/stella/miry8i/AAEGEGAL.MIR: Operation not permitted.
chmod: /data/stella/miry8i/AAEGFGAL.MIR: Operation not permitted.
chmod: /data/stella/miry8i/AAEGGGAL.MIR: Operation not permitted.
chmod: /data/stella/miry8i/AAEGHGAL.MIR: Operation not permitted.
chmod: /data/stella/miry8i/AAEGIGAL.MIR: Operation not permitted.
chmod: /data/stella/miry8i/AAEGJGAL.MIR: Operation not permitted.
chmod: /data/stella/miry8i/AAEGKGAL.MIR: Operation not permitted.
chmod: /data/stella/miry8i/AAEGLGAL.MIR: Operation not permitted.
chmod: /data/stella/miry8i/AAEGMGAL.MIR: Operation not permitted.
chmod: /data/stella/miry8i/AAEGNGAL.MIR: Operation not permitted.
chmod: /data/stella/miry8i/AAEGOGAL.MIR: Operation not permitted.
chmod: /data/stella/miry8i/AAEGPGAL.MIR: Operation not permitted.
chmod: /data/stella/miry8i/AAEGQGAL.MIR: Operation not permitted.
chmod: /data/stella/miry8i/AAEGRGAL.MIR: Operation not permitted.
chmod: /data/stella/miry8i/AAEGSGAL.MIR: Operation not permitted.
chmod: /data/stella/miry8i/AAEGTGAL.MIR: Operation not permitted.
chmod: /data/stella/miry8i/AAEGUGAL.MIR: Operation not permitted.
chmod: /data/stella/miry8i/AAEGVGAL.MIR: Operation not permitted.
chmod: /data/stella/miry8i/AAEGWGAL.MIR: Operation not permitted.
chmod: /data/stella/miry8i/AAEGXGAL.MIR: Operation not permitted.
chmod: /data/stella/miry8i/AAEGYGAL.MIR: Operation not permitted.
chmod: /data/stella/miry8i/AAEGZGAL.MIR: Operation not permitted.
chmod: /data/stella/miry8i/AAEHAGAL.MIR: Operation not permitted.
chmod: /data/stella/miry8i/AAEHBGAL.MIR: Operation not permitted.
chmod: /data/stella/miry8i/AAEHCGAL.MIR: Operation not permitted.
chmod: /data/stella/miry8i/AAEHDGAL.MIR: Operation not permitted.
chmod: /data/stella/miry8i/AAEHEGAL.MIR: Operation not permitted.
chmod: /data/stella/miry8i/AAEHFGAL.MIR: Operation not permitted.
chmod: /data/stella/miry8i/AAEHGGAL.MIR: Operation not permitted.
chmod: /data/stella/miry8i/AAEHHGAL.MIR: Operation not permitted.
chmod: /data/stella/miry8i/AAEHIGAL.MIR: Operation not permitted.
chmod: /data/stella/miry8i/AAEHJGAL.MIR: Operation not permitted.
chmod: /data/stella/miry8i/AAEHKGAL.MIR: Operation not permitted.
chmod: /data/stella/miry8i/AAEHLGAL.MIR: Operation not permitted.
chmod: /data/stella/miry8i/AAEHMGAL.MIR: Operation not permitted.
chmod: /data/stella/miry8i/AAEHNGAL.MIR: Operation not permitted.
chmod: /data/stella/miry8i/AAEHOGAL.MIR: Operation not permitted.
chmod: /data/stella/miry8i/AAEHPGAL.MIR: Operation not permitted.
chmod: /data/stella/miry8i/AAEHQGAL.MIR: Operation not permitted.
chmod: /data/stella/miry8i/AAEHRGAL.MIR: Operation not permitted.
chmod: /data/stella/miry8i/AAEHSGAL.MIR: Operation not permitted.
chmod: /data/stella/miry8i/AAEHTGAL.MIR: Operation not permitted.
chmod: /data/stella/miry8i/AAEHUGAL.MIR: Operation not permitted.
chmod: /data/stella/miry8i/AAEHVGAL.MIR: Operation not permitted.
chmod: /data/stella/miry8i/AAEHWGAL.MIR: Operation not permitted.
chmod: /data/stella/miry8i/AAEHXGAL.MIR: Operation not permitted.
chmod: /data/stella/miry8i/AAEHYGAL.MIR: Operation not permitted.
chmod: /data/stella/miry8i/AAEHZGAL.MIR: Operation not permitted.
chmod: /data/stella/miry8i/AAEIAGAL.MIR: Operation not permitted.
chmod: /data/stella/miry8i/AAEIBGAL.MIR: Operation not permitted.
chmod: /data/stella/miry8i/AAEICGAL.MIR: Operation not permitted.
chmod: /data/stella/miry8i/AAEIDGAL.MIR: Operation not permitted.
chmod: /data/stella/miry8i/AAEIEGAL.MIR: Operation not permitted.
chmod: /data/stella/miry8i/AAEIFGAL.MIR: Operation not permitted.
chmod: /data/stella/miry8i/AAEIGGAL.MIR: Operation not permitted.
chmod: /data/stella/miry8i/AAEIHGAL.MIR: Operation not permitted.
chmod: /data/stella/miry8i/AAEIIGAL.MIR: Operation not permitted.
chmod: /data/stella/miry8i/AAEIJGAL.MIR: Operation not permitted.
chmod: /data/stella/miry8i/AAEIKGAL.MIR: Operation not permitted.
chmod: /data/stella/miry8i/AAEILGAL.MIR: Operation not permitted.
chmod: /data/stella/miry8i/AAEIMGAL.MIR: Operation not permitted.
chmod: /data/stella/miry8i/AAEINGAL.MIR: Operation not permitted.
chmod: /data/stella/miry8i/AAEIOGAL.MIR: Operation not permitted.
chmod: /data/stella/miry8i/AAEIPGAL.MIR: Operation not permitted.
chmod: /data/stella/miry8i/AAEIQGAL.MIR: Operation not permitted.
chmod: /data/stella/miry8i/AAEIRGAL.MIR: Operation not permitted.
chmod: /data/stella/miry8i/AAEISGAL.MIR: Operation not permitted.
chmod: /data/stella/miry8i/AAEITGAL.MIR: Operation not permitted.
chmod: /data/stella/miry8i/AAEIUGAL.MIR: Operation not permitted.
chmod: /data/stella/miry8i/AAEIVGAL.MIR: Operation not permitted.
chmod: /data/stella/miry8i/AAEIWGAL.MIR: Operation not permitted.
chmod: /data/stella/miry8i/AAEIXGAL.MIR: Operation not permitted.
chmod: /data/stella/miry8i/AAEIYGAL.MIR: Operation not permitted.
chmod: /data/stella/miry8i/AAEIZGAL.MIR: Operation not permitted.
chmod: /data/stella/miry8i/AAEJAGAL.MIR: Operation not permitted.
chmod: /data/stella/miry8i/AAEJBGAL.MIR: Operation not permitted.
chmod: /data/stella/miry8i/AAEJCGAL.MIR: Operation not permitted.
chmod: /data/stella/miry8i/AAEJDGAL.MIR: Operation not permitted.
chmod: /data/stella/miry8i/AAEJEGAL.MIR: Operation not permitted.
c4u
chmod: /data/stella/mirc4u/AAKXJGAL.MIR: Operation not permitted.
chmod: /data/stella/mirc4u/AAKXKGAL.MIR: Operation not permitted.
chmod: /data/stella/mirc4u/AAKXLGAL.MIR: Operation not permitted.
chmod: /data/stella/mirc4u/AAKXMGAL.MIR: Operation not permitted.
chmod: /data/stella/mirc4u/AAKXNGAL.MIR: Operation not permitted.
chmod: /data/stella/mirc4u/AAKXOGAL.MIR: Operation not permitted.
chmod: /data/stella/mirc4u/AAKXPGAL.MIR: Operation not permitted.
chmod: /data/stella/mirc4u/AAKXQGAL.MIR: Operation not permitted.
chmod: /data/stella/mirc4u/AAKXRGAL.MIR: Operation not permitted.
chmod: /data/stella/mirc4u/AAKXSGAL.MIR: Operation not permitted.
chmod: /data/stella/mirc4u/AAKXTGAL.MIR: Operation not permitted.
chmod: /data/stella/mirc4u/AAKXUGAL.MIR: Operation not permitted.
chmod: /data/stella/mirc4u/AAKXVGAL.MIR: Operation not permitted.
chmod: /data/stella/mirc4u/AAKXWGAL.MIR: Operation not permitted.
chmod: /data/stella/mirc4u/AAKXXGAL.MIR: Operation not permitted.
chmod: /data/stella/mirc4u/AAKXYGAL.MIR: Operation not permitted.
chmod: /data/stella/mirc4u/AAKXZGAL.MIR: Operation not permitted.
chmod: /data/stella/mirc4u/AAKYAGAL.MIR: Operation not permitted.
chmod: /data/stella/mirc4u/AAKYBGAL.MIR: Operation not permitted.
chmod: /data/stella/mirc4u/AAKYCGAL.MIR: Operation not permitted.
chmod: /data/stella/mirc4u/AAKYDGAL.MIR: Operation not permitted.
chmod: /data/stella/mirc4u/AAKYEGAL.MIR: Operation not permitted.
chmod: /data/stella/mirc4u/AAKYFGAL.MIR: Operation not permitted.
chmod: /data/stella/mirc4u/AAKYGGAL.MIR: Operation not permitted.
chmod: /data/stella/mirc4u/AAKYHGAL.MIR: Operation not permitted.
chmod: /data/stella/mirc4u/AAKYIGAL.MIR: Operation not permitted.
chmod: /data/stella/mirc4u/AAKYJGAL.MIR: Operation not permitted.
chmod: /data/stella/mirc4u/AAKYKGAL.MIR: Operation not permitted.
chmod: /data/stella/mirc4u/AAKYLGAL.MIR: Operation not permitted.
chmod: /data/stella/mirc4u/AAKYMGAL.MIR: Operation not permitted.
chmod: /data/stella/mirc4u/AAKYNGAL.MIR: Operation not permitted.
chmod: /data/stella/mirc4u/AAKYOGAL.MIR: Operation not permitted.
chmod: /data/stella/mirc4u/AAKYPGAL.MIR: Operation not permitted.
chmod: /data/stella/mirc4u/AAKYQGAL.MIR: Operation not permitted.
chmod: /data/stella/mirc4u/AAKYRGAL.MIR: Operation not permitted.
chmod: /data/stella/mirc4u/AAKYSGAL.MIR: Operation not permitted.
chmod: /data/stella/mirc4u/AAKYTGAL.MIR: Operation not permitted.
chmod: /data/stella/mirc4u/AAKYUGAL.MIR: Operation not permitted.
chmod: /data/stella/mirc4u/AAKYVGAL.MIR: Operation not permitted.
chmod: /data/stella/mirc4u/AAKYWGAL.MIR: Operation not permitted.
chmod: /data/stella/mirc4u/AAKYXGAL.MIR: Operation not permitted.
chmod: /data/stella/mirc4u/AAKYYGAL.MIR: Operation not permitted.
chmod: /data/stella/mirc4u/AAKYZGAL.MIR: Operation not permitted.
chmod: /data/stella/mirc4u/AAKZAGAL.MIR: Operation not permitted.
chmod: /data/stella/mirc4u/AAKZBGAL.MIR: Operation not permitted.
chmod: /data/stella/mirc4u/AAKZCGAL.MIR: Operation not permitted.
chmod: /data/stella/mirc4u/AAKZDGAL.MIR: Operation not permitted.
chmod: /data/stella/mirc4u/AAKZEGAL.MIR: Operation not permitted.
chmod: /data/stella/mirc4u/AAKZFGAL.MIR: Operation not permitted.
chmod: /data/stella/mirc4u/AAKZGGAL.MIR: Operation not permitted.
chmod: /data/stella/mirc4u/AAKZHGAL.MIR: Operation not permitted.
chmod: /data/stella/mirc4u/AAKZIGAL.MIR: Operation not permitted.
chmod: /data/stella/mirc4u/AAKZJGAL.MIR: Operation not permitted.
chmod: /data/stella/mirc4u/AAKZKGAL.MIR: Operation not permitted.
chmod: /data/stella/mirc4u/AAKZLGAL.MIR: Operation not permitted.
chmod: /data/stella/mirc4u/AAKZMGAL.MIR: Operation not permitted.
chmod: /data/stella/mirc4u/AAKZNGAL.MIR: Operation not permitted.
chmod: /data/stella/mirc4u/AAKZOGAL.MIR: Operation not permitted.
chmod: /data/stella/mirc4u/AAKZPGAL.MIR: Operation not permitted.
chmod: /data/stella/mirc4u/AAKZQGAL.MIR: Operation not permitted.
chmod: /data/stella/mirc4u/AAKZRGAL.MIR: Operation not permitted.
chmod: /data/stella/mirc4u/AAKZSGAL.MIR: Operation not permitted.
chmod: /data/stella/mirc4u/AAKZTGAL.MIR: Operation not permitted.
chmod: /data/stella/mirc4u/AAKZUGAL.MIR: Operation not permitted.
chmod: /data/stella/mirc4u/AAKZVGAL.MIR: Operation not permitted.
chmod: /data/stella/mirc4u/AAKZWGAL.MIR: Operation not permitted.
chmod: /data/stella/mirc4u/AAKZXGAL.MIR: Operation not permitted.
chmod: /data/stella/mirc4u/AAKZYGAL.MIR: Operation not permitted.
chmod: /data/stella/mirc4u/AAKZZGAL.MIR: Operation not permitted.
chmod: /data/stella/mirc4u/AALAAGAL.MIR: Operation not permitted.
chmod: /data/stella/mirc4u/AALABGAL.MIR: Operation not permitted.
chmod: /data/stella/mirc4u/AALACGAL.MIR: Operation not permitted.
chmod: /data/stella/mirc4u/AALADGAL.MIR: Operation not permitted.
chmod: /data/stella/mirc4u/AALAEGAL.MIR: Operation not permitted.
chmod: /data/stella/mirc4u/AALAFGAL.MIR: Operation not permitted.
chmod: /data/stella/mirc4u/AALAGGAL.MIR: Operation not permitted.
chmod: /data/stella/mirc4u/AALAHGAL.MIR: Operation not permitted.
chmod: /data/stella/mirc4u/AALAIGAL.MIR: Operation not permitted.
chmod: /data/stella/mirc4u/AALAJGAL.MIR: Operation not permitted.
chmod: /data/stella/mirc4u/AALAKGAL.MIR: Operation not permitted.
chmod: /data/stella/mirc4u/AALALGAL.MIR: Operation not permitted.
chmod: /data/stella/mirc4u/AALAMGAL.MIR: Operation not permitted.
chmod: /data/stella/mirc4u/AALANGAL.MIR: Operation not permitted.
chmod: /data/stella/mirc4u/AALAOGAL.MIR: Operation not permitted.
chmod: /data/stella/mirc4u/AALAPGAL.MIR: Operation not permitted.
chmod: /data/stella/mirc4u/AALAQGAL.MIR: Operation not permitted.
chmod: /data/stella/mirc4u/AALARGAL.MIR: Operation not permitted.
chmod: /data/stella/mirc4u/AALASGAL.MIR: Operation not permitted.
chmod: /data/stella/mirc4u/AALATGAL.MIR: Operation not permitted.
chmod: /data/stella/mirc4u/AALAUGAL.MIR: Operation not permitted.
chmod: /data/stella/mirc4u/AALAVGAL.MIR: Operation not permitted.
chmod: /data/stella/mirc4u/AALAWGAL.MIR: Operation not permitted.
chmod: /data/stella/mirc4u/AALAXGAL.MIR: Operation not permitted.
chmod: /data/stella/mirc4u/AALAYGAL.MIR: Operation not permitted.
chmod: /data/stella/mirc4u/AALAZGAL.MIR: Operation not permitted.
chmod: /data/stella/mirc4u/AALBAGAL.MIR: Operation not permitted.
chmod: /data/stella/mirc4u/AALBBGAL.MIR: Operation not permitted.
chmod: /data/stella/mirc4u/AALBCGAL.MIR: Operation not permitted.
chmod: /data/stella/mirc4u/AALBDGAL.MIR: Operation not permitted.
chmod: /data/stella/mirc4u/AALBEGAL.MIR: Operation not permitted.
chmod: /data/stella/mirc4u/AALBFGAL.MIR: Operation not permitted.
chmod: /data/stella/mirc4u/AALBGGAL.MIR: Operation not permitted.
chmod: /data/stella/mirc4u/AALBHGAL.MIR: Operation not permitted.
chmod: /data/stella/mirc4u/AALBIGAL.MIR: Operation not permitted.
chmod: /data/stella/mirc4u/AALBJGAL.MIR: Operation not permitted.
chmod: /data/stella/mirc4u/AALBKGAL.MIR: Operation not permitted.
chmod: /data/stella/mirc4u/AALBLGAL.MIR: Operation not permitted.
chmod: /data/stella/mirc4u/AALBMGAL.MIR: Operation not permitted.
chmod: /data/stella/mirc4u/AALBNGAL.MIR: Operation not permitted.
chmod: /data/stella/mirc4u/AALBOGAL.MIR: Operation not permitted.
chmod: /data/stella/mirc4u/AALBPGAL.MIR: Operation not permitted.
chmod: /data/stella/mirc4u/AALBQGAL.MIR: Operation not permitted.
chmod: /data/stella/mirc4u/AALBRGAL.MIR: Operation not permitted.
chmod: /data/stella/mirc4u/AALBSGAL.MIR: Operation not permitted.
chmod: /data/stella/mirc4u/AALBTGAL.MIR: Operation not permitted.
chmod: /data/stella/mirc4u/AALBUGAL.MIR: Operation not permitted.
chmod: /data/stella/mirc4u/AALBVGAL.MIR: Operation not permitted.
chmod: /data/stella/mirc4u/AALBWGAL.MIR: Operation not permitted.
chmod: /data/stella/mirc4u/AALBXGAL.MIR: Operation not permitted.
chmod: /data/stella/mirc4u/AALBYGAL.MIR: Operation not permitted.
chmod: /data/stella/mirc4u/AALBZGAL.MIR: Operation not permitted.
chmod: /data/stella/mirc4u/AALCAGAL.MIR: Operation not permitted.
chmod: /data/stella/mirc4u/AALCBGAL.MIR: Operation not permitted.
chmod: /data/stella/mirc4u/AALCCGAL.MIR: Operation not permitted.
chmod: /data/stella/mirc4u/AALCDGAL.MIR: Operation not permitted.
chmod: /data/stella/mirc4u/AALCEGAL.MIR: Operation not permitted.
chmod: /data/stella/mirc4u/AALCFGAL.MIR: Operation not permitted.
chmod: /data/stella/mirc4u/AALCGGAL.MIR: Operation not permitted.
chmod: /data/stella/mirc4u/AALCHGAL.MIR: Operation not permitted.
chmod: /data/stella/mirc4u/AALCIGAL.MIR: Operation not permitted.
chmod: /data/stella/mirc4u/AALCJGAL.MIR: Operation not permitted.
chmod: /data/stella/mirc4u/AALCKGAL.MIR: Operation not permitted.
chmod: /data/stella/mirc4u/AALCLGAL.MIR: Operation not permitted.
chmod: /data/stella/mirc4u/AALCMGAL.MIR: Operation not permitted.
chmod: /data/stella/mirc4u/AALCNGAL.MIR: Operation not permitted.
chmod: /data/stella/mirc4u/AALCOGAL.MIR: Operation not permitted.
chmod: /data/stella/mirc4u/AALCPGAL.MIR: Operation not permitted.
chmod: /data/stella/mirc4u/AALCQGAL.MIR: Operation not permitted.
chmod: /data/stella/mirc4u/AALCRGAL.MIR: Operation not permitted.
chmod: /data/stella/mirc4u/AALCSGAL.MIR: Operation not permitted.
chmod: /data/stella/mirc4u/AALCTGAL.MIR: Operation not permitted.
chmod: /data/stella/mirc4u/AALCUGAL.MIR: Operation not permitted.
chmod: /data/stella/mirc4u/AALCVGAL.MIR: Operation not permitted.
chmod: /data/stella/mirc4u/AALCWGAL.MIR: Operation not permitted.
chmod: /data/stella/mirc4u/AALCXGAL.MIR: Operation not permitted.
chmod: /data/stella/mirc4u/AALCYGAL.MIR: Operation not permitted.
chmod: /data/stella/mirc4u/AALCZGAL.MIR: Operation not permitted.
chmod: /data/stella/mirc4u/AALDAGAL.MIR: Operation not permitted.
chmod: /data/stella/mirc4u/AALDBGAL.MIR: Operation not permitted.
chmod: /data/stella/mirc4u/AALDCGAL.MIR: Operation not permitted.
chmod: /data/stella/mirc4u/AALDDGAL.MIR: Operation not permitted.
chmod: /data/stella/mirc4u/AALDEGAL.MIR: Operation not permitted.
chmod: /data/stella/mirc4u/AALDFGAL.MIR: Operation not permitted.
chmod: /data/stella/mirc4u/AALDGGAL.MIR: Operation not permitted.
chmod: /data/stella/mirc4u/AALDHGAL.MIR: Operation not permitted.
chmod: /data/stella/mirc4u/AALDIGAL.MIR: Operation not permitted.
chmod: /data/stella/mirc4u/AALDJGAL.MIR: Operation not permitted.
chmod: /data/stella/mirc4u/AALDKGAL.MIR: Operation not permitted.
chmod: /data/stella/mirc4u/AALDLGAL.MIR: Operation not permitted.
chmod: /data/stella/mirc4u/AALDMGAL.MIR: Operation not permitted.
chmod: /data/stella/mirc4u/AALDNGAL.MIR: Operation not permitted.
chmod: /data/stella/mirc4u/AALDOGAL.MIR: Operation not permitted.
chmod: /data/stella/mirc4u/AALDPGAL.MIR: Operation not permitted.
chmod: /data/stella/mirc4u/AALDQGAL.MIR: Operation not permitted.
chmod: /data/stella/mirc4u/AALDRGAL.MIR: Operation not permitted.
chmod: /data/stella/mirc4u/AALDSGAL.MIR: Operation not permitted.
chmod: /data/stella/mirc4u/AALDTGAL.MIR: Operation not permitted.
chmod: /data/stella/mirc4u/AALDUGAL.MIR: Operation not permitted.
chmod: /data/stella/mirc4u/AALDVGAL.MIR: Operation not permitted.
chmod: /data/stella/mirc4u/AALDWGAL.MIR: Operation not permitted.
chmod: /data/stella/mirc4u/AALDXGAL.MIR: Operation not permitted.
chmod: /data/stella/mirc4u/AALDYGAL.MIR: Operation not permitted.
chmod: /data/stella/mirc4u/AALDZGAL.MIR: Operation not permitted.
chmod: /data/stella/mirc4u/AALEAGAL.MIR: Operation not permitted.
chmod: /data/stella/mirc4u/AALEBGAL.MIR: Operation not permitted.
chmod: /data/stella/mirc4u/AALECGAL.MIR: Operation not permitted.
chmod: /data/stella/mirc4u/AALEDGAL.MIR: Operation not permitted.
chmod: /data/stella/mirc4u/AALEEGAL.MIR: Operation not permitted.
chmod: /data/stella/mirc4u/AALEFGAL.MIR: Operation not permitted.
chmod: /data/stella/mirc4u/AALEGGAL.MIR: Operation not permitted.
chmod: /data/stella/mirc4u/AALEHGAL.MIR: Operation not permitted.
chmod: /data/stella/mirc4u/AALEIGAL.MIR: Operation not permitted.
chmod: /data/stella/mirc4u/AALEJGAL.MIR: Operation not permitted.
chmod: /data/stella/mirc4u/AALEKGAL.MIR: Operation not permitted.
chmod: /data/stella/mirc4u/AALELGAL.MIR: Operation not permitted.
chmod: /data/stella/mirc4u/AALEMGAL.MIR: Operation not permitted.
chmod: /data/stella/mirc4u/AALENGAL.MIR: Operation not permitted.
chmod: /data/stella/mirc4u/AALEOGAL.MIR: Operation not permitted.
chmod: /data/stella/mirc4u/AALEPGAL.MIR: Operation not permitted.
chmod: /data/stella/mirc4u/AALEQGAL.MIR: Operation not permitted.
chmod: /data/stella/mirc4u/AALERGAL.MIR: Operation not permitted.
chmod: /data/stella/mirc4u/AALESGAL.MIR: Operation not permitted.
chmod: /data/stella/mirc4u/AALETGAL.MIR: Operation not permitted.
chmod: /data/stella/mirc4u/AALEUGAL.MIR: Operation not permitted.
chmod: /data/stella/mirc4u/AALEVGAL.MIR: Operation not permitted.
chmod: /data/stella/mirc4u/AALEWGAL.MIR: Operation not permitted.
chmod: /data/stella/mirc4u/AALEXGAL.MIR: Operation not permitted.
chmod: /data/stella/mirc4u/AALEYGAL.MIR: Operation not permitted.
chmod: /data/stella/mirc4u/AALEZGAL.MIR: Operation not permitted.
chmod: /data/stella/mirc4u/AALFAGAL.MIR: Operation not permitted.
chmod: /data/stella/mirc4u/AALFBGAL.MIR: Operation not permitted.
chmod: /data/stella/mirc4u/AALFCGAL.MIR: Operation not permitted.
chmod: /data/stella/mirc4u/AALFDGAL.MIR: Operation not permitted.
chmod: /data/stella/mirc4u/AALFEGAL.MIR: Operation not permitted.
chmod: /data/stella/mirc4u/AALFFGAL.MIR: Operation not permitted.
chmod: /data/stella/mirc4u/AALFGGAL.MIR: Operation not permitted.
chmod: /data/stella/mirc4u/AALFHGAL.MIR: Operation not permitted.
chmod: /data/stella/mirc4u/AALFIGAL.MIR: Operation not permitted.
9mp
chmod: /data/stella/mir9mp/AABSDGAL.MIR: Operation not permitted.
chmod: /data/stella/mir9mp/AABSEGAL.MIR: Operation not permitted.
chmod: /data/stella/mir9mp/AABSFGAL.MIR: Operation not permitted.
chmod: /data/stella/mir9mp/AABSGGAL.MIR: Operation not permitted.
chmod: /data/stella/mir9mp/AABSHGAL.MIR: Operation not permitted.
chmod: /data/stella/mir9mp/AABSIGAL.MIR: Operation not permitted.
chmod: /data/stella/mir9mp/AABSJGAL.MIR: Operation not permitted.
chmod: /data/stella/mir9mp/AABSKGAL.MIR: Operation not permitted.
chmod: /data/stella/mir9mp/AABSLGAL.MIR: Operation not permitted.
chmod: /data/stella/mir9mp/AABSMGAL.MIR: Operation not permitted.
chmod: /data/stella/mir9mp/AABSNGAL.MIR: Operation not permitted.
chmod: /data/stella/mir9mp/AABSOGAL.MIR: Operation not permitted.
chmod: /data/stella/mir9mp/AABSPGAL.MIR: Operation not permitted.
chmod: /data/stella/mir9mp/AABSQGAL.MIR: Operation not permitted.
chmod: /data/stella/mir9mp/AABSRGAL.MIR: Operation not permitted.
chmod: /data/stella/mir9mp/AABSSGAL.MIR: Operation not permitted.
chmod: /data/stella/mir9mp/AABSTGAL.MIR: Operation not permitted.
chmod: /data/stella/mir9mp/AABSUGAL.MIR: Operation not permitted.
chmod: /data/stella/mir9mp/AABSVGAL.MIR: Operation not permitted.
chmod: /data/stella/mir9mp/AABSWGAL.MIR: Operation not permitted.
chmod: /data/stella/mir9mp/AABSXGAL.MIR: Operation not permitted.
chmod: /data/stella/mir9mp/AABSYGAL.MIR: Operation not permitted.
chmod: /data/stella/mir9mp/AABSZGAL.MIR: Operation not permitted.
chmod: /data/stella/mir9mp/AABTAGAL.MIR: Operation not permitted.
chmod: /data/stella/mir9mp/AABTBGAL.MIR: Operation not permitted.
chmod: /data/stella/mir9mp/AABTCGAL.MIR: Operation not permitted.
chmod: /data/stella/mir9mp/AABTDGAL.MIR: Operation not permitted.
chmod: /data/stella/mir9mp/AABTEGAL.MIR: Operation not permitted.
chmod: /data/stella/mir9mp/AABTFGAL.MIR: Operation not permitted.
ed7
chmod: /data/stella/mired7/AAPVZGAL.MIR: Operation not permitted.
chmod: /data/stella/mired7/AAPWAGAL.MIR: Operation not permitted.
chmod: /data/stella/mired7/AAPWBGAL.MIR: Operation not permitted.
chmod: /data/stella/mired7/AAPWCGAL.MIR: Operation not permitted.
chmod: /data/stella/mired7/AAPWDGAL.MIR: Operation not permitted.
chmod: /data/stella/mired7/AAPWEGAL.MIR: Operation not permitted.
chmod: /data/stella/mired7/AAPWFGAL.MIR: Operation not permitted.
chmod: /data/stella/mired7/AAPWGGAL.MIR: Operation not permitted.
chmod: /data/stella/mired7/AAPWHGAL.MIR: Operation not permitted.
chmod: /data/stella/mired7/AAPWIGAL.MIR: Operation not permitted.
chmod: /data/stella/mired7/AAPWJGAL.MIR: Operation not permitted.
chmod: /data/stella/mired7/AAPWKGAL.MIR: Operation not permitted.
chmod: /data/stella/mired7/AAPWLGAL.MIR: Operation not permitted.
chmod: /data/stella/mired7/AAPWMGAL.MIR: Operation not permitted.
chmod: /data/stella/mired7/AAPWNGAL.MIR: Operation not permitted.
chmod: /data/stella/mired7/AAPWOGAL.MIR: Operation not permitted.
chmod: /data/stella/mired7/AAPWPGAL.MIR: Operation not permitted.
chmod: /data/stella/mired7/AAPWQGAL.MIR: Operation not permitted.
chmod: /data/stella/mired7/AAPWRGAL.MIR: Operation not permitted.
chmod: /data/stella/mired7/AAPWSGAL.MIR: Operation not permitted.
chmod: /data/stella/mired7/AAPWTGAL.MIR: Operation not permitted.
chmod: /data/stella/mired7/AAPWUGAL.MIR: Operation not permitted.
chmod: /data/stella/mired7/AAPWVGAL.MIR: Operation not permitted.
chmod: /data/stella/mired7/AAPWWGAL.MIR: Operation not permitted.
chmod: /data/stella/mired7/AAPWXGAL.MIR: Operation not permitted.
chmod: /data/stella/mired7/AAPWYGAL.MIR: Operation not permitted.
chmod: /data/stella/mired7/AAPWZGAL.MIR: Operation not permitted.
chmod: /data/stella/mired7/AAPXAGAL.MIR: Operation not permitted.
chmod: /data/stella/mired7/AAPXBGAL.MIR: Operation not permitted.
chmod: /data/stella/mired7/AAPXCGAL.MIR: Operation not permitted.
chmod: /data/stella/mired7/AAPXDGAL.MIR: Operation not permitted.
chmod: /data/stella/mired7/AAPXEGAL.MIR: Operation not permitted.
chmod: /data/stella/mired7/AAPXFGAL.MIR: Operation not permitted.
chmod: /data/stella/mired7/AAPXGGAL.MIR: Operation not permitted.
chmod: /data/stella/mired7/AAPXHGAL.MIR: Operation not permitted.
chmod: /data/stella/mired7/AAPXIGAL.MIR: Operation not permitted.
chmod: /data/stella/mired7/AAPXJGAL.MIR: Operation not permitted.
chmod: /data/stella/mired7/AAPXKGAL.MIR: Operation not permitted.
chmod: /data/stella/mired7/AAPXLGAL.MIR: Operation not permitted.
chmod: /data/stella/mired7/AAPXMGAL.MIR: Operation not permitted.
chmod: /data/stella/mired7/AAPXNGAL.MIR: Operation not permitted.
chmod: /data/stella/mired7/AAPXOGAL.MIR: Operation not permitted.
chmod: /data/stella/mired7/AAPXPGAL.MIR: Operation not permitted.
chmod: /data/stella/mired7/AAPXQGAL.MIR: Operation not permitted.
chmod: /data/stella/mired7/AAPXRGAL.MIR: Operation not permitted.
chmod: /data/stella/mired7/AAPXSGAL.MIR: Operation not permitted.
chmod: /data/stella/mired7/AAPXTGAL.MIR: Operation not permitted.
chmod: /data/stella/mired7/AAPXUGAL.MIR: Operation not permitted.
chmod: /data/stella/mired7/AAPXVGAL.MIR: Operation not permitted.
chmod: /data/stella/mired7/AAPXWGAL.MIR: Operation not permitted.
chmod: /data/stella/mired7/AAPXXGAL.MIR: Operation not permitted.
chmod: /data/stella/mired7/AAPXYGAL.MIR: Operation not permitted.
chmod: /data/stella/mired7/AAPXZGAL.MIR: Operation not permitted.
chmod: /data/stella/mired7/AAPYAGAL.MIR: Operation not permitted.
chmod: /data/stella/mired7/AAPYBGAL.MIR: Operation not permitted.
chmod: /data/stella/mired7/AAPYCGAL.MIR: Operation not permitted.
chmod: /data/stella/mired7/AAPYDGAL.MIR: Operation not permitted.
chmod: /data/stella/mired7/AAPYEGAL.MIR: Operation not permitted.
chmod: /data/stella/mired7/AAPYFGAL.MIR: Operation not permitted.
chmod: /data/stella/mired7/AAPYGGAL.MIR: Operation not permitted.
chmod: /data/stella/mired7/AAPYHGAL.MIR: Operation not permitted.
chmod: /data/stella/mired7/AAPYIGAL.MIR: Operation not permitted.
chmod: /data/stella/mired7/AAPYJGAL.MIR: Operation not permitted.
chmod: /data/stella/mired7/AAPYKGAL.MIR: Operation not permitted.
chmod: /data/stella/mired7/AAPYLGAL.MIR: Operation not permitted.
chmod: /data/stella/mired7/AAPYMGAL.MIR: Operation not permitted.
chmod: /data/stella/mired7/AAPYNGAL.MIR: Operation not permitted.
chmod: /data/stella/mired7/AAPYOGAL.MIR: Operation not permitted.
chmod: /data/stella/mired7/AAPYPGAL.MIR: Operation not permitted.
chmod: /data/stella/mired7/AAPYQGAL.MIR: Operation not permitted.
chmod: /data/stella/mired7/AAPYRGAL.MIR: Operation not permitted.
chmod: /data/stella/mired7/AAPYSGAL.MIR: Operation not permitted.
chmod: /data/stella/mired7/AAPYTGAL.MIR: Operation not permitted.
chmod: /data/stella/mired7/AAPYUGAL.MIR: Operation not permitted.
chmod: /data/stella/mired7/AAPYVGAL.MIR: Operation not permitted.
chmod: /data/stella/mired7/AAPYWGAL.MIR: Operation not permitted.
chmod: /data/stella/mired7/AAPYXGAL.MIR: Operation not permitted.
chmod: /data/stella/mired7/AAPYYGAL.MIR: Operation not permitted.
chmod: /data/stella/mired7/AAPYZGAL.MIR: Operation not permitted.
chmod: /data/stella/mired7/AAPZAGAL.MIR: Operation not permitted.
chmod: /data/stella/mired7/AAPZBGAL.MIR: Operation not permitted.
chmod: /data/stella/mired7/AAPZCGAL.MIR: Operation not permitted.
chmod: /data/stella/mired7/AAPZDGAL.MIR: Operation not permitted.
chmod: /data/stella/mired7/AAPZEGAL.MIR: Operation not permitted.
chmod: /data/stella/mired7/AAPZFGAL.MIR: Operation not permitted.
chmod: /data/stella/mired7/AAPZGGAL.MIR: Operation not permitted.
chmod: /data/stella/mired7/AAPZHGAL.MIR: Operation not permitted.
chmod: /data/stella/mired7/AAPZIGAL.MIR: Operation not permitted.
chmod: /data/stella/mired7/AAPZJGAL.MIR: Operation not permitted.
chmod: /data/stella/mired7/AAPZKGAL.MIR: Operation not permitted.
chmod: /data/stella/mired7/AAPZLGAL.MIR: Operation not permitted.
chmod: /data/stella/mired7/AAPZMGAL.MIR: Operation not permitted.
chmod: /data/stella/mired7/AAPZNGAL.MIR: Operation not permitted.
chmod: /data/stella/mired7/AAPZOGAL.MIR: Operation not permitted.
chmod: /data/stella/mired7/AAPZPGAL.MIR: Operation not permitted.
chmod: /data/stella/mired7/AAPZQGAL.MIR: Operation not permitted.
chmod: /data/stella/mired7/AAPZRGAL.MIR: Operation not permitted.
chmod: /data/stella/mired7/AAPZSGAL.MIR: Operation not permitted.
chmod: /data/stella/mired7/AAPZTGAL.MIR: Operation not permitted.
chmod: /data/stella/mired7/AAPZUGAL.MIR: Operation not permitted.
chmod: /data/stella/mired7/AAPZVGAL.MIR: Operation not permitted.
chmod: /data/stella/mired7/AAPZWGAL.MIR: Operation not permitted.
chmod: /data/stella/mired7/AAPZXGAL.MIR: Operation not permitted.
chmod: /data/stella/mired7/AAPZYGAL.MIR: Operation not permitted.
chmod: /data/stella/mired7/AAPZZGAL.MIR: Operation not permitted.
chmod: /data/stella/mired7/AAQAAGAL.MIR: Operation not permitted.
chmod: /data/stella/mired7/AAQABGAL.MIR: Operation not permitted.
chmod: /data/stella/mired7/AAQACGAL.MIR: Operation not permitted.
chmod: /data/stella/mired7/AAQADGAL.MIR: Operation not permitted.
chmod: /data/stella/mired7/AAQAEGAL.MIR: Operation not permitted.
chmod: /data/stella/mired7/AAQAFGAL.MIR: Operation not permitted.
chmod: /data/stella/mired7/AAQAGGAL.MIR: Operation not permitted.
chmod: /data/stella/mired7/AAQAHGAL.MIR: Operation not permitted.
chmod: /data/stella/mired7/AAQAIGAL.MIR: Operation not permitted.
chmod: /data/stella/mired7/AAQAJGAL.MIR: Operation not permitted.
chmod: /data/stella/mired7/AAQAKGAL.MIR: Operation not permitted.
chmod: /data/stella/mired7/AAQALGAL.MIR: Operation not permitted.
chmod: /data/stella/mired7/AAQAMGAL.MIR: Operation not permitted.
chmod: /data/stella/mired7/AAQANGAL.MIR: Operation not permitted.
chmod: /data/stella/mired7/AAQAOGAL.MIR: Operation not permitted.
chmod: /data/stella/mired7/AAQAPGAL.MIR: Operation not permitted.
chmod: /data/stella/mired7/AAQAQGAL.MIR: Operation not permitted.
chmod: /data/stella/mired7/AAQARGAL.MIR: Operation not permitted.
chmod: /data/stella/mired7/AAQASGAL.MIR: Operation not permitted.
chmod: /data/stella/mired7/AAQATGAL.MIR: Operation not permitted.
chmod: /data/stella/mired7/AAQAUGAL.MIR: Operation not permitted.
chmod: /data/stella/mired7/AAQAVGAL.MIR: Operation not permitted.
chmod: /data/stella/mired7/AAQAWGAL.MIR: Operation not permitted.
chmod: /data/stella/mired7/AAQAXGAL.MIR: Operation not permitted.
chmod: /data/stella/mired7/AAQAYGAL.MIR: Operation not permitted.
chmod: /data/stella/mired7/AAQAZGAL.MIR: Operation not permitted.
chmod: /data/stella/mired7/AAQBAGAL.MIR: Operation not permitted.
chmod: /data/stella/mired7/AAQBBGAL.MIR: Operation not permitted.
chmod: /data/stella/mired7/AAQBCGAL.MIR: Operation not permitted.
chmod: /data/stella/mired7/AAQBDGAL.MIR: Operation not permitted.
chmod: /data/stella/mired7/AAQBEGAL.MIR: Operation not permitted.
chmod: /data/stella/mired7/AAQBFGAL.MIR: Operation not permitted.
chmod: /data/stella/mired7/AAQBGGAL.MIR: Operation not permitted.
chmod: /data/stella/mired7/AAQBHGAL.MIR: Operation not permitted.
chmod: /data/stella/mired7/AAQBIGAL.MIR: Operation not permitted.
chmod: /data/stella/mired7/AAQBJGAL.MIR: Operation not permitted.
chmod: /data/stella/mired7/AAQBKGAL.MIR: Operation not permitted.
chmod: /data/stella/mired7/AAQBLGAL.MIR: Operation not permitted.
chmod: /data/stella/mired7/AAQBMGAL.MIR: Operation not permitted.
chmod: /data/stella/mired7/AAQBNGAL.MIR: Operation not permitted.
chmod: /data/stella/mired7/AAQBOGAL.MIR: Operation not permitted.
chmod: /data/stella/mired7/AAQBPGAL.MIR: Operation not permitted.
chmod: /data/stella/mired7/AAQBQGAL.MIR: Operation not permitted.
chmod: /data/stella/mired7/AAQBRGAL.MIR: Operation not permitted.
chmod: /data/stella/mired7/AAQBSGAL.MIR: Operation not permitted.
chmod: /data/stella/mired7/AAQBTGAL.MIR: Operation not permitted.
chmod: /data/stella/mired7/AAQBUGAL.MIR: Operation not permitted.
chmod: /data/stella/mired7/AAQBVGAL.MIR: Operation not permitted.
chmod: /data/stella/mired7/AAQBWGAL.MIR: Operation not permitted.
chmod: /data/stella/mired7/AAQBXGAL.MIR: Operation not permitted.
chmod: /data/stella/mired7/AAQBYGAL.MIR: Operation not permitted.
chmod: /data/stella/mired7/AAQBZGAL.MIR: Operation not permitted.
chmod: /data/stella/mired7/AAQCAGAL.MIR: Operation not permitted.
chmod: /data/stella/mired7/AAQCBGAL.MIR: Operation not permitted.
chmod: /data/stella/mired7/AAQCCGAL.MIR: Operation not permitted.
chmod: /data/stella/mired7/AAQCDGAL.MIR: Operation not permitted.
chmod: /data/stella/mired7/AAQCEGAL.MIR: Operation not permitted.
chmod: /data/stella/mired7/AAQCFGAL.MIR: Operation not permitted.
chmod: /data/stella/mired7/AAQCGGAL.MIR: Operation not permitted.
chmod: /data/stella/mired7/AAQCHGAL.MIR: Operation not permitted.
chmod: /data/stella/mired7/AAQCIGAL.MIR: Operation not permitted.
chmod: /data/stella/mired7/AAQCJGAL.MIR: Operation not permitted.
chmod: /data/stella/mired7/AAQCKGAL.MIR: Operation not permitted.
chmod: /data/stella/mired7/AAQCLGAL.MIR: Operation not permitted.
chmod: /data/stella/mired7/AAQCMGAL.MIR: Operation not permitted.
chmod: /data/stella/mired7/AAQCNGAL.MIR: Operation not permitted.
chmod: /data/stella/mired7/AAQCOGAL.MIR: Operation not permitted.
chmod: /data/stella/mired7/AAQCPGAL.MIR: Operation not permitted.
chmod: /data/stella/mired7/AAQCQGAL.MIR: Operation not permitted.
chmod: /data/stella/mired7/AAQCRGAL.MIR: Operation not permitted.
chmod: /data/stella/mired7/AAQCSGAL.MIR: Operation not permitted.
chmod: /data/stella/mired7/AAQCTGAL.MIR: Operation not permitted.
chmod: /data/stella/mired7/AAQCUGAL.MIR: Operation not permitted.
chmod: /data/stella/mired7/AAQCVGAL.MIR: Operation not permitted.
chmod: /data/stella/mired7/AAQCWGAL.MIR: Operation not permitted.
chmod: /data/stella/mired7/AAQCXGAL.MIR: Operation not permitted.
chmod: /data/stella/mired7/AAQCYGAL.MIR: Operation not permitted.
chmod: /data/stella/mired7/AAQCZGAL.MIR: Operation not permitted.
chmod: /data/stella/mired7/AAQDAGAL.MIR: Operation not permitted.
chmod: /data/stella/mired7/AAQDBGAL.MIR: Operation not permitted.
chmod: /data/stella/mired7/AAQDCGAL.MIR: Operation not permitted.
chmod: /data/stella/mired7/AAQDDGAL.MIR: Operation not permitted.
chmod: /data/stella/mired7/AAQDEGAL.MIR: Operation not permitted.
chmod: /data/stella/mired7/AAQDFGAL.MIR: Operation not permitted.
chmod: /data/stella/mired7/AAQDGGAL.MIR: Operation not permitted.
chmod: /data/stella/mired7/AAQDHGAL.MIR: Operation not permitted.
chmod: /data/stella/mired7/AAQDIGAL.MIR: Operation not permitted.
chmod: /data/stella/mired7/AAQDJGAL.MIR: Operation not permitted.
chmod: /data/stella/mired7/AAQDKGAL.MIR: Operation not permitted.
chmod: /data/stella/mired7/AAQDLGAL.MIR: Operation not permitted.
chmod: /data/stella/mired7/AAQDMGAL.MIR: Operation not permitted.
chmod: /data/stella/mired7/AAQDNGAL.MIR: Operation not permitted.
chmod: /data/stella/mired7/AAQDOGAL.MIR: Operation not permitted.
chmod: /data/stella/mired7/AAQDPGAL.MIR: Operation not permitted.
chmod: /data/stella/mired7/AAQDQGAL.MIR: Operation not permitted.
chmod: /data/stella/mired7/AAQDRGAL.MIR: Operation not permitted.
chmod: /data/stella/mired7/AAQDSGAL.MIR: Operation not permitted.
chmod: /data/stella/mired7/AAQDTGAL.MIR: Operation not permitted.
chmod: /data/stella/mired7/AAQDUGAL.MIR: Operation not permitted.
chmod: /data/stella/mired7/AAQDVGAL.MIR: Operation not permitted.
chmod: /data/stella/mired7/AAQDWGAL.MIR: Operation not permitted.
chmod: /data/stella/mired7/AAQDXGAL.MIR: Operation not permitted.
chmod: /data/stella/mired7/AAQDYGAL.MIR: Operation not permitted.
chmod: /data/stella/mired7/AAQDZGAL.MIR: Operation not permitted.
chmod: /data/stella/mired7/AAQEAGAL.MIR: Operation not permitted.
chmod: /data/stella/mired7/AAQEBGAL.MIR: Operation not permitted.
chmod: /data/stella/mired7/AAQECGAL.MIR: Operation not permitted.
chmod: /data/stella/mired7/AAQEDGAL.MIR: Operation not permitted.
chmod: /data/stella/mired7/AAQEEGAL.MIR: Operation not permitted.
chmod: /data/stella/mired7/AAQEFGAL.MIR: Operation not permitted.
chmod: /data/stella/mired7/AAQEGGAL.MIR: Operation not permitted.
chmod: /data/stella/mired7/AAQEHGAL.MIR: Operation not permitted.
chmod: /data/stella/mired7/AAQEIGAL.MIR: Operation not permitted.
chmod: /data/stella/mired7/AAQEJGAL.MIR: Operation not permitted.
chmod: /data/stella/mired7/AAQEKGAL.MIR: Operation not permitted.
chmod: /data/stella/mired7/AAQELGAL.MIR: Operation not permitted.
chmod: /data/stella/mired7/AAQEMGAL.MIR: Operation not permitted.
chmod: /data/stella/mired7/AAQENGAL.MIR: Operation not permitted.
chmod: /data/stella/mired7/AAQEOGAL.MIR: Operation not permitted.
chmod: /data/stella/mired7/AAQEPGAL.MIR: Operation not permitted.
chmod: /data/stella/mired7/AAQEQGAL.MIR: Operation not permitted.
chmod: /data/stella/mired7/AAQERGAL.MIR: Operation not permitted.
chmod: /data/stella/mired7/AAQESGAL.MIR: Operation not permitted.
chmod: /data/stella/mired7/AAQETGAL.MIR: Operation not permitted.
chmod: /data/stella/mired7/AAQEUGAL.MIR: Operation not permitted.
chmod: /data/stella/mired7/AAQEVGAL.MIR: Operation not permitted.
chmod: /data/stella/mired7/AAQEWGAL.MIR: Operation not permitted.
chmod: /data/stella/mired7/AAQEXGAL.MIR: Operation not permitted.
chmod: /data/stella/mired7/AAQEYGAL.MIR: Operation not permitted.
chmod: /data/stella/mired7/AAQEZGAL.MIR: Operation not permitted.
chmod: /data/stella/mired7/AAQFAGAL.MIR: Operation not permitted.
chmod: /data/stella/mired7/AAQFBGAL.MIR: Operation not permitted.
chmod: /data/stella/mired7/AAQFCGAL.MIR: Operation not permitted.
chmod: /data/stella/mired7/AAQFDGAL.MIR: Operation not permitted.
chmod: /data/stella/mired7/AAQFEGAL.MIR: Operation not permitted.
chmod: /data/stella/mired7/AAQFFGAL.MIR: Operation not permitted.
chmod: /data/stella/mired7/AAQFGGAL.MIR: Operation not permitted.
chmod: /data/stella/mired7/AAQFHGAL.MIR: Operation not permitted.
chmod: /data/stella/mired7/AAQFIGAL.MIR: Operation not permitted.
chmod: /data/stella/mired7/AAQFJGAL.MIR: Operation not permitted.
chmod: /data/stella/mired7/AAQFKGAL.MIR: Operation not permitted.
chmod: /data/stella/mired7/AAQFLGAL.MIR: Operation not permitted.
chmod: /data/stella/mired7/AAQFMGAL.MIR: Operation not permitted.
chmod: /data/stella/mired7/AAQFNGAL.MIR: Operation not permitted.
chmod: /data/stella/mired7/AAQFOGAL.MIR: Operation not permitted.
chmod: /data/stella/mired7/AAQFPGAL.MIR: Operation not permitted.
chmod: /data/stella/mired7/AAQFQGAL.MIR: Operation not permitted.
chmod: /data/stella/mired7/AAQFRGAL.MIR: Operation not permitted.
chmod: /data/stella/mired7/AAQFSGAL.MIR: Operation not permitted.
chmod: /data/stella/mired7/AAQFTGAL.MIR: Operation not permitted.
chmod: /data/stella/mired7/AAQFUGAL.MIR: Operation not permitted.
chmod: /data/stella/mired7/AAQFVGAL.MIR: Operation not permitted.
chmod: /data/stella/mired7/AAQFWGAL.MIR: Operation not permitted.
chmod: /data/stella/mired7/AAQFXGAL.MIR: Operation not permitted.
chmod: /data/stella/mired7/AAQFYGAL.MIR: Operation not permitted.
chmod: /data/stella/mired7/AAQFZGAL.MIR: Operation not permitted.
chmod: /data/stella/mired7/AAQGAGAL.MIR: Operation not permitted.
chmod: /data/stella/mired7/AAQGBGAL.MIR: Operation not permitted.
chmod: /data/stella/mired7/AAQGCGAL.MIR: Operation not permitted.
chmod: /data/stella/mired7/AAQGDGAL.MIR: Operation not permitted.
chmod: /data/stella/mired7/AAQGEGAL.MIR: Operation not permitted.
chmod: /data/stella/mired7/AAQGFGAL.MIR: Operation not permitted.
chmod: /data/stella/mired7/AAQGGGAL.MIR: Operation not permitted.
chmod: /data/stella/mired7/AAQGHGAL.MIR: Operation not permitted.
chmod: /data/stella/mired7/AAQGIGAL.MIR: Operation not permitted.
chmod: /data/stella/mired7/AAQGJGAL.MIR: Operation not permitted.
chmod: /data/stella/mired7/AAQGKGAL.MIR: Operation not permitted.
chmod: /data/stella/mired7/AAQGLGAL.MIR: Operation not permitted.
chmod: /data/stella/mired7/AAQGMGAL.MIR: Operation not permitted.
chmod: /data/stella/mired7/AAQGNGAL.MIR: Operation not permitted.
chmod: /data/stella/mired7/AAQGOGAL.MIR: Operation not permitted.
chmod: /data/stella/mired7/AAQGPGAL.MIR: Operation not permitted.
chmod: /data/stella/mired7/AAQGQGAL.MIR: Operation not permitted.
chmod: /data/stella/mired7/AAQGRGAL.MIR: Operation not permitted.
chmod: /data/stella/mired7/AAQGSGAL.MIR: Operation not permitted.
chmod: /data/stella/mired7/AAQGTGAL.MIR: Operation not permitted.
chmod: /data/stella/mired7/AAQGUGAL.MIR: Operation not permitted.
chmod: /data/stella/mired7/AAQGVGAL.MIR: Operation not permitted.
chmod: /data/stella/mired7/AAQGWGAL.MIR: Operation not permitted.
chmod: /data/stella/mired7/AAQGXGAL.MIR: Operation not permitted.
chmod: /data/stella/mired7/AAQGYGAL.MIR: Operation not permitted.
chmod: /data/stella/mired7/AAQGZGAL.MIR: Operation not permitted.
chmod: /data/stella/mired7/AAQHAGAL.MIR: Operation not permitted.
chmod: /data/stella/mired7/AAQHBGAL.MIR: Operation not permitted.
chmod: /data/stella/mired7/AAQHCGAL.MIR: Operation not permitted.
chmod: /data/stella/mired7/AAQHDGAL.MIR: Operation not permitted.
chmod: /data/stella/mired7/AAQHEGAL.MIR: Operation not permitted.
chmod: /data/stella/mired7/AAQHFGAL.MIR: Operation not permitted.
chmod: /data/stella/mired7/AAQHGGAL.MIR: Operation not permitted.
chmod: /data/stella/mired7/AAQHHGAL.MIR: Operation not permitted.
chmod: /data/stella/mired7/AAQHIGAL.MIR: Operation not permitted.
chmod: /data/stella/mired7/AAQHJGAL.MIR: Operation not permitted.
chmod: /data/stella/mired7/AAQHKGAL.MIR: Operation not permitted.
chmod: /data/stella/mired7/AAQHLGAL.MIR: Operation not permitted.
chmod: /data/stella/mired7/AAQHMGAL.MIR: Operation not permitted.
chmod: /data/stella/mired7/AAQHNGAL.MIR: Operation not permitted.
chmod: /data/stella/mired7/AAQHOGAL.MIR: Operation not permitted.
chmod: /data/stella/mired7/AAQHPGAL.MIR: Operation not permitted.
chmod: /data/stella/mired7/AAQHQGAL.MIR: Operation not permitted.
chmod: /data/stella/mired7/AAQHRGAL.MIR: Operation not permitted.
chmod: /data/stella/mired7/AAQHSGAL.MIR: Operation not permitted.
chmod: /data/stella/mired7/AAQHTGAL.MIR: Operation not permitted.
chmod: /data/stella/mired7/AAQHUGAL.MIR: Operation not permitted.
chmod: /data/stella/mired7/AAQHVGAL.MIR: Operation not permitted.
chmod: /data/stella/mired7/AAQHWGAL.MIR: Operation not permitted.
chmod: /data/stella/mired7/AAQHXGAL.MIR: Operation not permitted.
chmod: /data/stella/mired7/AAQHYGAL.MIR: Operation not permitted.
chmod: /data/stella/mired7/AAQHZGAL.MIR: Operation not permitted.
chmod: /data/stella/mired7/AAQIAGAL.MIR: Operation not permitted.
chmod: /data/stella/mired7/AAQIBGAL.MIR: Operation not permitted.
chmod: /data/stella/mired7/AAQICGAL.MIR: Operation not permitted.
chmod: /data/stella/mired7/AAQIDGAL.MIR: Operation not permitted.
chmod: /data/stella/mired7/AAQIEGAL.MIR: Operation not permitted.
chmod: /data/stella/mired7/AAQIFGAL.MIR: Operation not permitted.
chmod: /data/stella/mired7/AAQIGGAL.MIR: Operation not permitted.
chmod: /data/stella/mired7/AAQIHGAL.MIR: Operation not permitted.
chmod: /data/stella/mired7/AAQIIGAL.MIR: Operation not permitted.
chmod: /data/stella/mired7/AAQIJGAL.MIR: Operation not permitted.
chmod: /data/stella/mired7/AAQIKGAL.MIR: Operation not permitted.
chmod: /data/stella/mired7/AAQILGAL.MIR: Operation not permitted.
fs3kr2
chmod: /data/stella/mirfs3kr2/AAUWWGAL.MIR: Operation not permitted.
chmod: /data/stella/mirfs3kr2/AAUWXGAL.MIR: Operation not permitted.
chmod: /data/stella/mirfs3kr2/AAUWYGAL.MIR: Operation not permitted.
chmod: /data/stella/mirfs3kr2/AAUWZGAL.MIR: Operation not permitted.
chmod: /data/stella/mirfs3kr2/AAUXAGAL.MIR: Operation not permitted.
chmod: /data/stella/mirfs3kr2/AAUXBGAL.MIR: Operation not permitted.
chmod: /data/stella/mirfs3kr2/AAUXCGAL.MIR: Operation not permitted.
chmod: /data/stella/mirfs3kr2/AAUXDGAL.MIR: Operation not permitted.
chmod: /data/stella/mirfs3kr2/AAUXEGAL.MIR: Operation not permitted.
chmod: /data/stella/mirfs3kr2/AAUXFGAL.MIR: Operation not permitted.
chmod: /data/stella/mirfs3kr2/AAUXGGAL.MIR: Operation not permitted.
chmod: /data/stella/mirfs3kr2/AAUXHGAL.MIR: Operation not permitted.
chmod: /data/stella/mirfs3kr2/AAUXIGAL.MIR: Operation not permitted.
chmod: /data/stella/mirfs3kr2/AAUXJGAL.MIR: Operation not permitted.
chmod: /data/stella/mirfs3kr2/AAUXKGAL.MIR: Operation not permitted.
chmod: /data/stella/mirfs3kr2/AAUXLGAL.MIR: Operation not permitted.
chmod: /data/stella/mirfs3kr2/AAUXMGAL.MIR: Operation not permitted.
chmod: /data/stella/mirfs3kr2/AAUXNGAL.MIR: Operation not permitted.
chmod: /data/stella/mirfs3kr2/AAUXOGAL.MIR: Operation not permitted.
chmod: /data/stella/mirfs3kr2/AAUXPGAL.MIR: Operation not permitted.
chmod: /data/stella/mirfs3kr2/AAUXQGAL.MIR: Operation not permitted.
chmod: /data/stella/mirfs3kr2/AAUXRGAL.MIR: Operation not permitted.
chmod: /data/stella/mirfs3kr2/AAUXSGAL.MIR: Operation not permitted.
chmod: /data/stella/mirfs3kr2/AAUXTGAL.MIR: Operation not permitted.
chmod: /data/stella/mirfs3kr2/AAUXUGAL.MIR: Operation not permitted.
chmod: /data/stella/mirfs3kr2/AAUXVGAL.MIR: Operation not permitted.
chmod: /data/stella/mirfs3kr2/AAUXWGAL.MIR: Operation not permitted.
chmod: /data/stella/mirfs3kr2/AAUXXGAL.MIR: Operation not permitted.
chmod: /data/stella/mirfs3kr2/AAUXYGAL.MIR: Operation not permitted.
chmod: /data/stella/mirfs3kr2/AAUXZGAL.MIR: Operation not permitted.
chmod: /data/stella/mirfs3kr2/AAUYAGAL.MIR: Operation not permitted.
chmod: /data/stella/mirfs3kr2/AAUYBGAL.MIR: Operation not permitted.
chmod: /data/stella/mirfs3kr2/AAUYCGAL.MIR: Operation not permitted.
chmod: /data/stella/mirfs3kr2/AAUYDGAL.MIR: Operation not permitted.
chmod: /data/stella/mirfs3kr2/AAUYEGAL.MIR: Operation not permitted.
chmod: /data/stella/mirfs3kr2/AAUYFGAL.MIR: Operation not permitted.
chmod: /data/stella/mirfs3kr2/AAUYGGAL.MIR: Operation not permitted.
chmod: /data/stella/mirfs3kr2/AAUYHGAL.MIR: Operation not permitted.
chmod: /data/stella/mirfs3kr2/AAUYIGAL.MIR: Operation not permitted.
chmod: /data/stella/mirfs3kr2/AAUYJGAL.MIR: Operation not permitted.
chmod: /data/stella/mirfs3kr2/AAUYKGAL.MIR: Operation not permitted.
chmod: /data/stella/mirfs3kr2/AAUYLGAL.MIR: Operation not permitted.
chmod: /data/stella/mirfs3kr2/AAUYMGAL.MIR: Operation not permitted.
chmod: /data/stella/mirfs3kr2/AAUYNGAL.MIR: Operation not permitted.
chmod: /data/stella/mirfs3kr2/AAUYOGAL.MIR: Operation not permitted.
chmod: /data/stella/mirfs3kr2/AAUYPGAL.MIR: Operation not permitted.
chmod: /data/stella/mirfs3kr2/AAUYQGAL.MIR: Operation not permitted.
chmod: /data/stella/mirfs3kr2/AAUYRGAL.MIR: Operation not permitted.
chmod: /data/stella/mirfs3kr2/AAUYSGAL.MIR: Operation not permitted.
chmod: /data/stella/mirfs3kr2/AAUYTGAL.MIR: Operation not permitted.
chmod: /data/stella/mirfs3kr2/AAUYUGAL.MIR: Operation not permitted.
chmod: /data/stella/mirfs3kr2/AAUYVGAL.MIR: Operation not permitted.
chmod: /data/stella/mirfs3kr2/AAUYWGAL.MIR: Operation not permitted.
chmod: /data/stella/mirfs3kr2/AAUYXGAL.MIR: Operation not permitted.
chmod: /data/stella/mirfs3kr2/AAUYYGAL.MIR: Operation not permitted.
chmod: /data/stella/mirfs3kr2/AAUYZGAL.MIR: Operation not permitted.
chmod: /data/stella/mirfs3kr2/AAUZAGAL.MIR: Operation not permitted.
chmod: /data/stella/mirfs3kr2/AAUZBGAL.MIR: Operation not permitted.
chmod: /data/stella/mirfs3kr2/AAUZCGAL.MIR: Operation not permitted.
chmod: /data/stella/mirfs3kr2/AAUZDGAL.MIR: Operation not permitted.
chmod: /data/stella/mirfs3kr2/AAUZEGAL.MIR: Operation not permitted.
chmod: /data/stella/mirfs3kr2/AAUZFGAL.MIR: Operation not permitted.
chmod: /data/stella/mirfs3kr2/AAUZGGAL.MIR: Operation not permitted.
chmod: /data/stella/mirfs3kr2/AAUZHGAL.MIR: Operation not permitted.
chmod: /data/stella/mirfs3kr2/AAUZIGAL.MIR: Operation not permitted.
chmod: /data/stella/mirfs3kr2/AAUZJGAL.MIR: Operation not permitted.
chmod: /data/stella/mirfs3kr2/AAUZKGAL.MIR: Operation not permitted.
chmod: /data/stella/mirfs3kr2/AAUZLGAL.MIR: Operation not permitted.
chmod: /data/stella/mirfs3kr2/AAUZMGAL.MIR: Operation not permitted.
chmod: /data/stella/mirfs3kr2/AAUZNGAL.MIR: Operation not permitted.
chmod: /data/stella/mirfs3kr2/AAUZOGAL.MIR: Operation not permitted.
chmod: /data/stella/mirfs3kr2/AAUZPGAL.MIR: Operation not permitted.
chmod: /data/stella/mirfs3kr2/AAUZQGAL.MIR: Operation not permitted.
chmod: /data/stella/mirfs3kr2/AAUZRGAL.MIR: Operation not permitted.
chmod: /data/stella/mirfs3kr2/AAUZSGAL.MIR: Operation not permitted.
chmod: /data/stella/mirfs3kr2/AAUZTGAL.MIR: Operation not permitted.
chmod: /data/stella/mirfs3kr2/AAUZUGAL.MIR: Operation not permitted.
chmod: /data/stella/mirfs3kr2/AAUZVGAL.MIR: Operation not permitted.
chmod: /data/stella/mirfs3kr2/AAUZWGAL.MIR: Operation not permitted.
chmod: /data/stella/mirfs3kr2/AAUZXGAL.MIR: Operation not permitted.
chmod: /data/stella/mirfs3kr2/AAUZYGAL.MIR: Operation not permitted.
chmod: /data/stella/mirfs3kr2/AAUZZGAL.MIR: Operation not permitted.
chmod: /data/stella/mirfs3kr2/AAVAAGAL.MIR: Operation not permitted.
chmod: /data/stella/mirfs3kr2/AAVABGAL.MIR: Operation not permitted.
chmod: /data/stella/mirfs3kr2/AAVACGAL.MIR: Operation not permitted.
chmod: /data/stella/mirfs3kr2/AAVADGAL.MIR: Operation not permitted.
chmod: /data/stella/mirfs3kr2/AAVAEGAL.MIR: Operation not permitted.
chmod: /data/stella/mirfs3kr2/AAVAFGAL.MIR: Operation not permitted.
chmod: /data/stella/mirfs3kr2/AAVAGGAL.MIR: Operation not permitted.
chmod: /data/stella/mirfs3kr2/AAVAHGAL.MIR: Operation not permitted.
chmod: /data/stella/mirfs3kr2/AAVAIGAL.MIR: Operation not permitted.
chmod: /data/stella/mirfs3kr2/AAVAJGAL.MIR: Operation not permitted.
chmod: /data/stella/mirfs3kr2/AAVAKGAL.MIR: Operation not permitted.
chmod: /data/stella/mirfs3kr2/AAVALGAL.MIR: Operation not permitted.
chmod: /data/stella/mirfs3kr2/AAVAMGAL.MIR: Operation not permitted.
chmod: /data/stella/mirfs3kr2/AAVANGAL.MIR: Operation not permitted.
chmod: /data/stella/mirfs3kr2/AAVAOGAL.MIR: Operation not permitted.
chmod: /data/stella/mirfs3kr2/AAVAPGAL.MIR: Operation not permitted.
chmod: /data/stella/mirfs3kr2/AAVAQGAL.MIR: Operation not permitted.
chmod: /data/stella/mirfs3kr2/AAVARGAL.MIR: Operation not permitted.
chmod: /data/stella/mirfs3kr2/AAVASGAL.MIR: Operation not permitted.
chmod: /data/stella/mirfs3kr2/AAVATGAL.MIR: Operation not permitted.
chmod: /data/stella/mirfs3kr2/AAVAUGAL.MIR: Operation not permitted.
chmod: /data/stella/mirfs3kr2/AAVAVGAL.MIR: Operation not permitted.
chmod: /data/stella/mirfs3kr2/AAVAWGAL.MIR: Operation not permitted.
chmod: /data/stella/mirfs3kr2/AAVAXGAL.MIR: Operation not permitted.
chmod: /data/stella/mirfs3kr2/AAVAYGAL.MIR: Operation not permitted.
chmod: /data/stella/mirfs3kr2/AAVAZGAL.MIR: Operation not permitted.
chmod: /data/stella/mirfs3kr2/AAVBAGAL.MIR: Operation not permitted.
chmod: /data/stella/mirfs3kr2/AAVBBGAL.MIR: Operation not permitted.
chmod: /data/stella/mirfs3kr2/AAVBCGAL.MIR: Operation not permitted.
chmod: /data/stella/mirfs3kr2/AAVBDGAL.MIR: Operation not permitted.
chmod: /data/stella/mirfs3kr2/AAVBEGAL.MIR: Operation not permitted.
chmod: /data/stella/mirfs3kr2/AAVBFGAL.MIR: Operation not permitted.
chmod: /data/stella/mirfs3kr2/AAVBGGAL.MIR: Operation not permitted.
chmod: /data/stella/mirfs3kr2/AAVBHGAL.MIR: Operation not permitted.
chmod: /data/stella/mirfs3kr2/AAVBIGAL.MIR: Operation not permitted.
chmod: /data/stella/mirfs3kr2/AAVBJGAL.MIR: Operation not permitted.
chmod: /data/stella/mirfs3kr2/AAVBKGAL.MIR: Operation not permitted.
chmod: /data/stella/mirfs3kr2/AAVBLGAL.MIR: Operation not permitted.
chmod: /data/stella/mirfs3kr2/AAVBMGAL.MIR: Operation not permitted.
chmod: /data/stella/mirfs3kr2/AAVBNGAL.MIR: Operation not permitted.
chmod: /data/stella/mirfs3kr2/AAVBOGAL.MIR: Operation not permitted.
chmod: /data/stella/mirfs3kr2/AAVBPGAL.MIR: Operation not permitted.
chmod: /data/stella/mirfs3kr2/AAVBQGAL.MIR: Operation not permitted.
chmod: /data/stella/mirfs3kr2/AAVBRGAL.MIR: Operation not permitted.
chmod: /data/stella/mirfs3kr2/AAVBSGAL.MIR: Operation not permitted.
chmod: /data/stella/mirfs3kr2/AAVBTGAL.MIR: Operation not permitted.
chmod: /data/stella/mirfs3kr2/AAVBUGAL.MIR: Operation not permitted.
chmod: /data/stella/mirfs3kr2/AAVBVGAL.MIR: Operation not permitted.
chmod: /data/stella/mirfs3kr2/AAVBWGAL.MIR: Operation not permitted.
chmod: /data/stella/mirfs3kr2/AAVBXGAL.MIR: Operation not permitted.
chmod: /data/stella/mirfs3kr2/AAVBYGAL.MIR: Operation not permitted.
chmod: /data/stella/mirfs3kr2/AAVBZGAL.MIR: Operation not permitted.
chmod: /data/stella/mirfs3kr2/AAVCAGAL.MIR: Operation not permitted.
chmod: /data/stella/mirfs3kr2/AAVCBGAL.MIR: Operation not permitted.
chmod: /data/stella/mirfs3kr2/AAVCCGAL.MIR: Operation not permitted.
chmod: /data/stella/mirfs3kr2/AAVCDGAL.MIR: Operation not permitted.
chmod: /data/stella/mirfs3kr2/AAVCEGAL.MIR: Operation not permitted.
chmod: /data/stella/mirfs3kr2/AAVCFGAL.MIR: Operation not permitted.
chmod: /data/stella/mirfs3kr2/AAVCGGAL.MIR: Operation not permitted.
chmod: /data/stella/mirfs3kr2/AAVCHGAL.MIR: Operation not permitted.
chmod: /data/stella/mirfs3kr2/AAVCIGAL.MIR: Operation not permitted.
chmod: /data/stella/mirfs3kr2/AAVCJGAL.MIR: Operation not permitted.
chmod: /data/stella/mirfs3kr2/AAVCKGAL.MIR: Operation not permitted.
chmod: /data/stella/mirfs3kr2/AAVCLGAL.MIR: Operation not permitted.
chmod: /data/stella/mirfs3kr2/AAVCMGAL.MIR: Operation not permitted.
chmod: /data/stella/mirfs3kr2/AAVCNGAL.MIR: Operation not permitted.
chmod: /data/stella/mirfs3kr2/AAVCOGAL.MIR: Operation not permitted.
chmod: /data/stella/mirfs3kr2/AAVCPGAL.MIR: Operation not permitted.
chmod: /data/stella/mirfs3kr2/AAVCQGAL.MIR: Operation not permitted.
chmod: /data/stella/mirfs3kr2/AAVCRGAL.MIR: Operation not permitted.
chmod: /data/stella/mirfs3kr2/AAVCSGAL.MIR: Operation not permitted.
chmod: /data/stella/mirfs3kr2/AAVCTGAL.MIR: Operation not permitted.
chmod: /data/stella/mirfs3kr2/AAVCUGAL.MIR: Operation not permitted.
chmod: /data/stella/mirfs3kr2/AAVCVGAL.MIR: Operation not permitted.
chmod: /data/stella/mirfs3kr2/AAVCWGAL.MIR: Operation not permitted.
chmod: /data/stella/mirfs3kr2/AAVCXGAL.MIR: Operation not permitted.
chmod: /data/stella/mirfs3kr2/AAVCYGAL.MIR: Operation not permitted.
chmod: /data/stella/mirfs3kr2/AAVCZGAL.MIR: Operation not permitted.
chmod: /data/stella/mirfs3kr2/AAVDAGAL.MIR: Operation not permitted.
chmod: /data/stella/mirfs3kr2/AAVDBGAL.MIR: Operation not permitted.
chmod: /data/stella/mirfs3kr2/AAVDCGAL.MIR: Operation not permitted.
chmod: /data/stella/mirfs3kr2/AAVDDGAL.MIR: Operation not permitted.
chmod: /data/stella/mirfs3kr2/AAVDEGAL.MIR: Operation not permitted.
chmod: /data/stella/mirfs3kr2/AAVDFGAL.MIR: Operation not permitted.
chmod: /data/stella/mirfs3kr2/AAVDGGAL.MIR: Operation not permitted.
chmod: /data/stella/mirfs3kr2/AAVDHGAL.MIR: Operation not permitted.
chmod: /data/stella/mirfs3kr2/AAVDIGAL.MIR: Operation not permitted.
chmod: /data/stella/mirfs3kr2/AAVDJGAL.MIR: Operation not permitted.
chmod: /data/stella/mirfs3kr2/AAVDKGAL.MIR: Operation not permitted.
chmod: /data/stella/mirfs3kr2/AAVDLGAL.MIR: Operation not permitted.
chmod: /data/stella/mirfs3kr2/AAVDMGAL.MIR: Operation not permitted.
chmod: /data/stella/mirfs3kr2/AAVDNGAL.MIR: Operation not permitted.
chmod: /data/stella/mirfs3kr2/AAVDOGAL.MIR: Operation not permitted.
chmod: /data/stella/mirfs3kr2/AAVDPGAL.MIR: Operation not permitted.
chmod: /data/stella/mirfs3kr2/AAVDQGAL.MIR: Operation not permitted.
chmod: /data/stella/mirfs3kr2/AAVDRGAL.MIR: Operation not permitted.
chmod: /data/stella/mirfs3kr2/AAVDSGAL.MIR: Operation not permitted.
chmod: /data/stella/mirfs3kr2/AAVDTGAL.MIR: Operation not permitted.
chmod: /data/stella/mirfs3kr2/AAVDUGAL.MIR: Operation not permitted.
chmod: /data/stella/mirfs3kr2/AAVDVGAL.MIR: Operation not permitted.
chmod: /data/stella/mirfs3kr2/AAVDWGAL.MIR: Operation not permitted.
chmod: /data/stella/mirfs3kr2/AAVDXGAL.MIR: Operation not permitted.
chmod: /data/stella/mirfs3kr2/AAVDYGAL.MIR: Operation not permitted.
chmod: /data/stella/mirfs3kr2/AAVDZGAL.MIR: Operation not permitted.
chmod: /data/stella/mirfs3kr2/AAVEAGAL.MIR: Operation not permitted.
chmod: /data/stella/mirfs3kr2/AAVEBGAL.MIR: Operation not permitted.
chmod: /data/stella/mirfs3kr2/AAVECGAL.MIR: Operation not permitted.
chmod: /data/stella/mirfs3kr2/AAVEDGAL.MIR: Operation not permitted.
chmod: /data/stella/mirfs3kr2/AAVEEGAL.MIR: Operation not permitted.
chmod: /data/stella/mirfs3kr2/AAVEFGAL.MIR: Operation not permitted.
chmod: /data/stella/mirfs3kr2/AAVEGGAL.MIR: Operation not permitted.
chmod: /data/stella/mirfs3kr2/AAVEHGAL.MIR: Operation not permitted.
chmod: /data/stella/mirfs3kr2/AAVEIGAL.MIR: Operation not permitted.
chmod: /data/stella/mirfs3kr2/AAVEJGAL.MIR: Operation not permitted.
chmod: /data/stella/mirfs3kr2/AAVEKGAL.MIR: Operation not permitted.
chmod: /data/stella/mirfs3kr2/AAVELGAL.MIR: Operation not permitted.
chmod: /data/stella/mirfs3kr2/AAVEMGAL.MIR: Operation not permitted.
chmod: /data/stella/mirfs3kr2/AAVENGAL.MIR: Operation not permitted.
chmod: /data/stella/mirfs3kr2/AAVEOGAL.MIR: Operation not permitted.
chmod: /data/stella/mirfs3kr2/AAVEPGAL.MIR: Operation not permitted.
chmod: /data/stella/mirfs3kr2/AAVEQGAL.MIR: Operation not permitted.
chmod: /data/stella/mirfs3kr2/AAVERGAL.MIR: Operation not permitted.
chmod: /data/stella/mirfs3kr2/AAVESGAL.MIR: Operation not permitted.
chmod: /data/stella/mirfs3kr2/AAVETGAL.MIR: Operation not permitted.
chmod: /data/stella/mirfs3kr2/AAVEUGAL.MIR: Operation not permitted.
chmod: /data/stella/mirfs3kr2/AAVEVGAL.MIR: Operation not permitted.
chmod: /data/stella/mirfs3kr2/AAVEWGAL.MIR: Operation not permitted.
chmod: /data/stella/mirfs3kr2/AAVEXGAL.MIR: Operation not permitted.
chmod: /data/stella/mirfs3kr2/AAVEYGAL.MIR: Operation not permitted.
chmod: /data/stella/mirfs3kr2/AAVEZGAL.MIR: Operation not permitted.
chmod: /data/stella/mirfs3kr2/AAVFAGAL.MIR: Operation not permitted.
chmod: /data/stella/mirfs3kr2/AAVFBGAL.MIR: Operation not permitted.
chmod: /data/stella/mirfs3kr2/AAVFCGAL.MIR: Operation not permitted.
chmod: /data/stella/mirfs3kr2/AAVFDGAL.MIR: Operation not permitted.
chmod: /data/stella/mirfs3kr2/AAVFEGAL.MIR: Operation not permitted.
chmod: /data/stella/mirfs3kr2/AAVFFGAL.MIR: Operation not permitted.
chmod: /data/stella/mirfs3kr2/AAVFGGAL.MIR: Operation not permitted.
chmod: /data/stella/mirfs3kr2/AAVFHGAL.MIR: Operation not permitted.
chmod: /data/stella/mirfs3kr2/AAVFIGAL.MIR: Operation not permitted.
chmod: /data/stella/mirfs3kr2/AAVFJGAL.MIR: Operation not permitted.
chmod: /data/stella/mirfs3kr2/AAVFKGAL.MIR: Operation not permitted.
chmod: /data/stella/mirfs3kr2/AAVFLGAL.MIR: Operation not permitted.
chmod: /data/stella/mirfs3kr2/AAVFMGAL.MIR: Operation not permitted.
chmod: /data/stella/mirfs3kr2/AAVFNGAL.MIR: Operation not permitted.
chmod: /data/stella/mirfs3kr2/AAVFOGAL.MIR: Operation not permitted.
chmod: /data/stella/mirfs3kr2/AAVFPGAL.MIR: Operation not permitted.
chmod: /data/stella/mirfs3kr2/AAVFQGAL.MIR: Operation not permitted.
chmod: /data/stella/mirfs3kr2/AAVFRGAL.MIR: Operation not permitted.
chmod: /data/stella/mirfs3kr2/AAVFSGAL.MIR: Operation not permitted.
chmod: /data/stella/mirfs3kr2/AAVFTGAL.MIR: Operation not permitted.
chmod: /data/stella/mirfs3kr2/AAVFUGAL.MIR: Operation not permitted.
chmod: /data/stella/mirfs3kr2/AAVFVGAL.MIR: Operation not permitted.
chmod: /data/stella/mirfs3kr2/AAVFWGAL.MIR: Operation not permitted.
chmod: /data/stella/mirfs3kr2/AAVFXGAL.MIR: Operation not permitted.
chmod: /data/stella/mirfs3kr2/AAVFYGAL.MIR: Operation not permitted.
chmod: /data/stella/mirfs3kr2/AAVFZGAL.MIR: Operation not permitted.
chmod: /data/stella/mirfs3kr2/AAVGAGAL.MIR: Operation not permitted.
chmod: /data/stella/mirfs3kr2/AAVGBGAL.MIR: Operation not permitted.
chmod: /data/stella/mirfs3kr2/AAVGCGAL.MIR: Operation not permitted.
chmod: /data/stella/mirfs3kr2/AAVGDGAL.MIR: Operation not permitted.
chmod: /data/stella/mirfs3kr2/AAVGEGAL.MIR: Operation not permitted.
chmod: /data/stella/mirfs3kr2/AAVGFGAL.MIR: Operation not permitted.
chmod: /data/stella/mirfs3kr2/AAVGGGAL.MIR: Operation not permitted.
chmod: /data/stella/mirfs3kr2/AAVGHGAL.MIR: Operation not permitted.
chmod: /data/stella/mirfs3kr2/AAVGIGAL.MIR: Operation not permitted.
chmod: /data/stella/mirfs3kr2/AAVGJGAL.MIR: Operation not permitted.
chmod: /data/stella/mirfs3kr2/AAVGKGAL.MIR: Operation not permitted.
chmod: /data/stella/mirfs3kr2/AAVGLGAL.MIR: Operation not permitted.
chmod: /data/stella/mirfs3kr2/AAVGMGAL.MIR: Operation not permitted.
chmod: /data/stella/mirfs3kr2/AAVGNGAL.MIR: Operation not permitted.
chmod: /data/stella/mirfs3kr2/AAVGOGAL.MIR: Operation not permitted.
chmod: /data/stella/mirfs3kr2/AAVGPGAL.MIR: Operation not permitted.
chmod: /data/stella/mirfs3kr2/AAVGQGAL.MIR: Operation not permitted.
chmod: /data/stella/mirfs3kr2/AAVGRGAL.MIR: Operation not permitted.
chmod: /data/stella/mirfs3kr2/AAVGSGAL.MIR: Operation not permitted.
chmod: /data/stella/mirfs3kr2/AAVGTGAL.MIR: Operation not permitted.
chmod: /data/stella/mirfs3kr2/AAVGUGAL.MIR: Operation not permitted.
chmod: /data/stella/mirfs3kr2/AAVGVGAL.MIR: Operation not permitted.
chmod: /data/stella/mirfs3kr2/AAVGWGAL.MIR: Operation not permitted.
chmod: /data/stella/mirfs3kr2/AAVGXGAL.MIR: Operation not permitted.
chmod: /data/stella/mirfs3kr2/AAVGYGAL.MIR: Operation not permitted.
chmod: /data/stella/mirfs3kr2/AAVGZGAL.MIR: Operation not permitted.
chmod: /data/stella/mirfs3kr2/AAVHAGAL.MIR: Operation not permitted.
chmod: /data/stella/mirfs3kr2/AAVHBGAL.MIR: Operation not permitted.
chmod: /data/stella/mirfs3kr2/AAVHCGAL.MIR: Operation not permitted.
chmod: /data/stella/mirfs3kr2/AAVHDGAL.MIR: Operation not permitted.
chmod: /data/stella/mirfs3kr2/AAVHEGAL.MIR: Operation not permitted.
chmod: /data/stella/mirfs3kr2/AAVHFGAL.MIR: Operation not permitted.
chmod: /data/stella/mirfs3kr2/AAVHGGAL.MIR: Operation not permitted.
chmod: /data/stella/mirfs3kr2/AAVHHGAL.MIR: Operation not permitted.
chmod: /data/stella/mirfs3kr2/AAVHIGAL.MIR: Operation not permitted.
chmod: /data/stella/mirfs3kr2/AAVHJGAL.MIR: Operation not permitted.
chmod: /data/stella/mirfs3kr2/AAVHKGAL.MIR: Operation not permitted.
chmod: /data/stella/mirfs3kr2/AAVHLGAL.MIR: Operation not permitted.
chmod: /data/stella/mirfs3kr2/AAVHMGAL.MIR: Operation not permitted.
chmod: /data/stella/mirfs3kr2/AAVHNGAL.MIR: Operation not permitted.
chmod: /data/stella/mirfs3kr2/AAVHOGAL.MIR: Operation not permitted.
chmod: /data/stella/mirfs3kr2/AAVHPGAL.MIR: Operation not permitted.
chmod: /data/stella/mirfs3kr2/AAVHQGAL.MIR: Operation not permitted.
chmod: /data/stella/mirfs3kr2/AAVHRGAL.MIR: Operation not permitted.
chmod: /data/stella/mirfs3kr2/AAVHSGAL.MIR: Operation not permitted.
chmod: /data/stella/mirfs3kr2/AAVHTGAL.MIR: Operation not permitted.
chmod: /data/stella/mirfs3kr2/AAVHUGAL.MIR: Operation not permitted.
chmod: /data/stella/mirfs3kr2/AAVHVGAL.MIR: Operation not permitted.
chmod: /data/stella/mirfs3kr2/AAVHWGAL.MIR: Operation not permitted.
chmod: /data/stella/mirfs3kr2/AAVHXGAL.MIR: Operation not permitted.
chmod: /data/stella/mirfs3kr2/AAVHYGAL.MIR: Operation not permitted.
chmod: /data/stella/mirfs3kr2/AAVHZGAL.MIR: Operation not permitted.
chmod: /data/stella/mirfs3kr2/AAVIAGAL.MIR: Operation not permitted.
chmod: /data/stella/mirfs3kr2/AAVIBGAL.MIR: Operation not permitted.
chmod: /data/stella/mirfs3kr2/AAVICGAL.MIR: Operation not permitted.
chmod: /data/stella/mirfs3kr2/AAVIDGAL.MIR: Operation not permitted.
chmod: /data/stella/mirfs3kr2/AAVIEGAL.MIR: Operation not permitted.
chmod: /data/stella/mirfs3kr2/AAVIFGAL.MIR: Operation not permitted.
chmod: /data/stella/mirfs3kr2/AAVIGGAL.MIR: Operation not permitted.
chmod: /data/stella/mirfs3kr2/AAVIHGAL.MIR: Operation not permitted.
chmod: /data/stella/mirfs3kr2/AAVIIGAL.MIR: Operation not permitted.
chmod: /data/stella/mirfs3kr2/AAVIJGAL.MIR: Operation not permitted.
chmod: /data/stella/mirfs3kr2/AAVIKGAL.MIR: Operation not permitted.
chmod: /data/stella/mirfs3kr2/AAVILGAL.MIR: Operation not permitted.
chmod: /data/stella/mirfs3kr2/AAVIMGAL.MIR: Operation not permitted.
chmod: /data/stella/mirfs3kr2/AAVINGAL.MIR: Operation not permitted.
chmod: /data/stella/mirfs3kr2/AAVIOGAL.MIR: Operation not permitted.
chmod: /data/stella/mirfs3kr2/AAVIPGAL.MIR: Operation not permitted.
chmod: /data/stella/mirfs3kr2/AAVIQGAL.MIR: Operation not permitted.
chmod: /data/stella/mirfs3kr2/AAVIRGAL.MIR: Operation not permitted.
chmod: /data/stella/mirfs3kr2/AAVISGAL.MIR: Operation not permitted.
chmod: /data/stella/mirfs3kr2/AAVITGAL.MIR: Operation not permitted.
chmod: /data/stella/mirfs3kr2/AAVIUGAL.MIR: Operation not permitted.
chmod: /data/stella/mirfs3kr2/AAVIVGAL.MIR: Operation not permitted.
chmod: /data/stella/mirfs3kr2/AAVIWGAL.MIR: Operation not permitted.
chmod: /data/stella/mirfs3kr2/AAVIXGAL.MIR: Operation not permitted.
chmod: /data/stella/mirfs3kr2/AAVIYGAL.MIR: Operation not permitted.
chmod: /data/stella/mirfs3kr2/AAVIZGAL.MIR: Operation not permitted.
chmod: /data/stella/mirfs3kr2/AAVJAGAL.MIR: Operation not permitted.
chmod: /data/stella/mirfs3kr2/AAVJBGAL.MIR: Operation not permitted.
chmod: /data/stella/mirfs3kr2/AAVJCGAL.MIR: Operation not permitted.
chmod: /data/stella/mirfs3kr2/AAVJDGAL.MIR: Operation not permitted.
chmod: /data/stella/mirfs3kr2/AAVJEGAL.MIR: Operation not permitted.
chmod: /data/stella/mirfs3kr2/AAVJFGAL.MIR: Operation not permitted.
chmod: /data/stella/mirfs3kr2/AAVJGGAL.MIR: Operation not permitted.
chmod: /data/stella/mirfs3kr2/AAVJHGAL.MIR: Operation not permitted.
chmod: /data/stella/mirfs3kr2/AAVJIGAL.MIR: Operation not permitted.
chmod: /data/stella/mirfs3kr2/AAVJJGAL.MIR: Operation not permitted.
chmod: /data/stella/mirfs3kr2/AAVJKGAL.MIR: Operation not permitted.
chmod: /data/stella/mirfs3kr2/AAVJLGAL.MIR: Operation not permitted.
chmod: /data/stella/mirfs3kr2/AAVJMGAL.MIR: Operation not permitted.
chmod: /data/stella/mirfs3kr2/AAVJNGAL.MIR: Operation not permitted.
chmod: /data/stella/mirfs3kr2/AAVJOGAL.MIR: Operation not permitted.
chmod: /data/stella/mirfs3kr2/AAVJPGAL.MIR: Operation not permitted.
chmod: /data/stella/mirfs3kr2/AAVJQGAL.MIR: Operation not permitted.
chmod: /data/stella/mirfs3kr2/AAVJRGAL.MIR: Operation not permitted.
chmod: /data/stella/mirfs3kr2/AAVJSGAL.MIR: Operation not permitted.
chmod: /data/stella/mirfs3kr2/AAVJTGAL.MIR: Operation not permitted.
chmod: /data/stella/mirfs3kr2/AAVJUGAL.MIR: Operation not permitted.
chmod: /data/stella/mirfs3kr2/AAVJVGAL.MIR: Operation not permitted.
chmod: /data/stella/mirfs3kr2/AAVJWGAL.MIR: Operation not permitted.
chmod: /data/stella/mirfs3kr2/AAVJXGAL.MIR: Operation not permitted.
chmod: /data/stella/mirfs3kr2/AAVJYGAL.MIR: Operation not permitted.
chmod: /data/stella/mirfs3kr2/AAVJZGAL.MIR: Operation not permitted.
chmod: /data/stella/mirfs3kr2/AAVKAGAL.MIR: Operation not permitted.
chmod: /data/stella/mirfs3kr2/AAVKBGAL.MIR: Operation not permitted.
chmod: /data/stella/mirfs3kr2/AAVKCGAL.MIR: Operation not permitted.
chmod: /data/stella/mirfs3kr2/AAVKDGAL.MIR: Operation not permitted.
chmod: /data/stella/mirfs3kr2/AAVKEGAL.MIR: Operation not permitted.
chmod: /data/stella/mirfs3kr2/AAVKFGAL.MIR: Operation not permitted.
chmod: /data/stella/mirfs3kr2/AAVKGGAL.MIR: Operation not permitted.
chmod: /data/stella/mirfs3kr2/AAVKHGAL.MIR: Operation not permitted.
chmod: /data/stella/mirfs3kr2/AAVKIGAL.MIR: Operation not permitted.
chmod: /data/stella/mirfs3kr2/AAVKJGAL.MIR: Operation not permitted.
chmod: /data/stella/mirfs3kr2/AAVKKGAL.MIR: Operation not permitted.
chmod: /data/stella/mirfs3kr2/AAVKLGAL.MIR: Operation not permitted.
chmod: /data/stella/mirfs3kr2/AAVKMGAL.MIR: Operation not permitted.
chmod: /data/stella/mirfs3kr2/AAVKNGAL.MIR: Operation not permitted.
chmod: /data/stella/mirfs3kr2/AAVKOGAL.MIR: Operation not permitted.
chmod: /data/stella/mirfs3kr2/AAVKPGAL.MIR: Operation not permitted.
chmod: /data/stella/mirfs3kr2/AAVKQGAL.MIR: Operation not permitted.
chmod: /data/stella/mirfs3kr2/AAVKRGAL.MIR: Operation not permitted.
chmod: /data/stella/mirfs3kr2/AAVKSGAL.MIR: Operation not permitted.
chmod: /data/stella/mirfs3kr2/AAVKTGAL.MIR: Operation not permitted.
chmod: /data/stella/mirfs3kr2/AAVKUGAL.MIR: Operation not permitted.
chmod: /data/stella/mirfs3kr2/AAVKVGAL.MIR: Operation not permitted.
chmod: /data/stella/mirfs3kr2/AAVKWGAL.MIR: Operation not permitted.
chmod: /data/stella/mirfs3kr2/AAVKXGAL.MIR: Operation not permitted.
chmod: /data/stella/mirfs3kr2/AAVKYGAL.MIR: Operation not permitted.
chmod: /data/stella/mirfs3kr2/AAVKZGAL.MIR: Operation not permitted.
chmod: /data/stella/mirfs3kr2/AAVLAGAL.MIR: Operation not permitted.
chmod: /data/stella/mirfs3kr2/AAVLBGAL.MIR: Operation not permitted.
chmod: /data/stella/mirfs3kr2/AAVLCGAL.MIR: Operation not permitted.
chmod: /data/stella/mirfs3kr2/AAVLDGAL.MIR: Operation not permitted.
chmod: /data/stella/mirfs3kr2/AAVLEGAL.MIR: Operation not permitted.
chmod: /data/stella/mirfs3kr2/AAVLFGAL.MIR: Operation not permitted.
chmod: /data/stella/mirfs3kr2/AAVLGGAL.MIR: Operation not permitted.
chmod: /data/stella/mirfs3kr2/AAVLHGAL.MIR: Operation not permitted.
chmod: /data/stella/mirfs3kr2/AAVLIGAL.MIR: Operation not permitted.
chmod: /data/stella/mirfs3kr2/AAVLJGAL.MIR: Operation not permitted.
chmod: /data/stella/mirfs3kr2/AAVLKGAL.MIR: Operation not permitted.
chmod: /data/stella/mirfs3kr2/AAVLLGAL.MIR: Operation not permitted.
chmod: /data/stella/mirfs3kr2/AAVLMGAL.MIR: Operation not permitted.
chmod: /data/stella/mirfs3kr2/AAVLNGAL.MIR: Operation not permitted.
chmod: /data/stella/mirfs3kr2/AAVLOGAL.MIR: Operation not permitted.
chmod: /data/stella/mirfs3kr2/AAVLPGAL.MIR: Operation not permitted.
chmod: /data/stella/mirfs3kr2/AAVLQGAL.MIR: Operation not permitted.
chmod: /data/stella/mirfs3kr2/AAVLRGAL.MIR: Operation not permitted.
chmod: /data/stella/mirfs3kr2/AAVLSGAL.MIR: Operation not permitted.
chmod: /data/stella/mirfs3kr2/AAVLTGAL.MIR: Operation not permitted.
chmod: /data/stella/mirfs3kr2/AAVLUGAL.MIR: Operation not permitted.
chmod: /data/stella/mirfs3kr2/AAVLVGAL.MIR: Operation not permitted.
chmod: /data/stella/mirfs3kr2/AAVLWGAL.MIR: Operation not permitted.
chmod: /data/stella/mirfs3kr2/AAVLXGAL.MIR: Operation not permitted.
chmod: /data/stella/mirfs3kr2/AAVLYGAL.MIR: Operation not permitted.
chmod: /data/stella/mirfs3kr2/AAVLZGAL.MIR: Operation not permitted.
chmod: /data/stella/mirfs3kr2/AAVMAGAL.MIR: Operation not permitted.
chmod: /data/stella/mirfs3kr2/AAVMBGAL.MIR: Operation not permitted.
chmod: /data/stella/mirfs3kr2/AAVMCGAL.MIR: Operation not permitted.
chmod: /data/stella/mirfs3kr2/AAVMDGAL.MIR: Operation not permitted.
chmod: /data/stella/mirfs3kr2/AAVMEGAL.MIR: Operation not permitted.
chmod: /data/stella/mirfs3kr2/AAVMFGAL.MIR: Operation not permitted.
chmod: /data/stella/mirfs3kr2/AAVMGGAL.MIR: Operation not permitted.
chmod: /data/stella/mirfs3kr2/AAVMHGAL.MIR: Operation not permitted.
chmod: /data/stella/mirfs3kr2/AAVMIGAL.MIR: Operation not permitted.
chmod: /data/stella/mirfs3kr2/AAVMJGAL.MIR: Operation not permitted.
chmod: /data/stella/mirfs3kr2/AAVMKGAL.MIR: Operation not permitted.
chmod: /data/stella/mirfs3kr2/AAVMLGAL.MIR: Operation not permitted.
chmod: /data/stella/mirfs3kr2/AAVMMGAL.MIR: Operation not permitted.
chmod: /data/stella/mirfs3kr2/AAVMNGAL.MIR: Operation not permitted.
chmod: /data/stella/mirfs3kr2/AAVMOGAL.MIR: Operation not permitted.
chmod: /data/stella/mirfs3kr2/AAVMPGAL.MIR: Operation not permitted.
chmod: /data/stella/mirfs3kr2/AAVMQGAL.MIR: Operation not permitted.
chmod: /data/stella/mirfs3kr2/AAVMRGAL.MIR: Operation not permitted.
chmod: /data/stella/mirfs3kr2/AAVMSGAL.MIR: Operation not permitted.
chmod: /data/stella/mirfs3kr2/AAVMTGAL.MIR: Operation not permitted.
chmod: /data/stella/mirfs3kr2/AAVMUGAL.MIR: Operation not permitted.
2003/05/06---10:25:24 finished moving files
./load_mir.ksh[127]: /usr/bin/chmod: 0403-027 The parameter list is too long.
2003/05/06---10:25:25 Step 30

2003/05/06---10:25:25 Moving recycle files (/data/stella/recycle) into current data directory (/data/stella/mirfiles) so they can be processed again
mv: 0653-401 Cannot rename /data/stella/recycle/*.* to /data/stella/mirfiles/./*.*:
	     A file or directory in the path name does not exist.
2003/05/06---10:25:25 Step 40

2003/05/06---10:25:25 List of contents of data file directory before actual processing starts
./load_mir.ksh[147]: /usr/bin/ls: 0403-027 The parameter list is too long.
2003/05/06---10:25:25 Run the stored proc that runs the java program to load the files into database
2003/05/06---10:31:29 Show output from java program:
--- DEBUG OFF ---
Result of mir load:
OK|Lf#/data/logs/stella//stelmirl_060503_0925.log

PL/SQL procedure successfully completed.

2003/05/06---10:31:29 Completed load of data
2003/05/06---10:31:29 Logfile used for run was
/data/logs/stella//stelmirl_060503_0925.log
2003/05/06---10:31:34 Step 50

error found
2003/05/06---10:31:34 Step 60

2003/05/06---10:31:36 END OF PROGRAM
